// Jest Snapshot v1, https://goo.gl/fbAQLP

exports[`should render expenses summary 1`] = `""`;

exports[`should render expenses summary 2 1`] = `""`;
