// Jest Snapshot v1, https://goo.gl/fbAQLP

exports[`should render the loading page 1`] = `
<div
  className="loader"
>
  <img
    alt="Loading spinner"
    className="loader__image"
    src="/pictures/loader.gif"
  />
</div>
`;
