// Jest Snapshot v1, https://goo.gl/fbAQLP

exports[`should render loginPage 1`] = `
<div
  className="box-layout"
>
  <div
    className="box-layout__box"
  >
    <h1
      className="box-layout__title"
    >
      Login
    </h1>
    <p>
      Explore the freedom in economic structure.
    </p>
    <button
      className="button"
      onClick={[Function]}
    >
      Login with Google
    </button>
  </div>
</div>
`;
