// Jest Snapshot v1, https://goo.gl/fbAQLP

exports[`should render the NotFoundPage 1`] = `
<div>
  Page not found :'(
</div>
`;
